// Jest Snapshot v1, https://goo.gl/fbAQLP

exports[`renders null if no video id 1`] = `""`;

exports[`renders video component correctly 1`] = `
<div
  className="video-container"
>
  <div
    className="video"
  >
    <iframe
      allow="autoplay; encrypted-media"
      allowFullScreen={true}
      frameBorder="0"
      height="100%"
      src="https://www.youtube.com/embed/BtyHYIpykN0"
      title="video"
      width="100%"
    />
  </div>
</div>
`;
