// Jest Snapshot v1, https://goo.gl/fbAQLP

exports[`renders Watch 1`] = `
<div
  className="watch-grid"
>
  <Video
    className="video"
    id="u8bHjdljyLw"
  />
  <div
    className="metadata"
    style={
      Object {
        "background": "#F91112",
        "height": "100px",
        "width": "100%",
      }
    }
  >
    Metadata
  </div>
  <div
    className="video-info-box"
    style={
      Object {
        "background": "#BD10E0",
        "height": "100px",
        "width": "100%",
      }
    }
  >
    Video Info box
  </div>
  <div
    className="comments"
    style={
      Object {
        "background": "#9013FE",
        "height": "100px",
        "width": "100%",
      }
    }
  >
    Comments
  </div>
  <RelatedVideos
    className="relatedVideos"
  />
</div>
`;
